[debug] [2025-05-20T12:32:36.257Z] ----------------------------------------------------------------------
[debug] [2025-05-20T12:32:36.405Z] Command:       C:\Program Files\nodejs\node.exe C:\Users\fouss\AppData\Roaming\npm\node_modules\firebase-tools\lib\bin\firebase.js emulators:start --only functions
[debug] [2025-05-20T12:32:36.406Z] CLI Version:   14.2.2
[debug] [2025-05-20T12:32:36.406Z] Platform:      win32
[debug] [2025-05-20T12:32:36.406Z] Node Version:  v22.15.0
[debug] [2025-05-20T12:32:36.417Z] Time:          Tue May 20 2025 12:32:36 GMT+0000 (heure moyenne de Greenwich)
[debug] [2025-05-20T12:32:36.418Z] ----------------------------------------------------------------------
[debug] 
[debug] [2025-05-20T12:32:37.446Z] > command requires scopes: ["email","openid","https://www.googleapis.com/auth/cloudplatformprojects.readonly","https://www.googleapis.com/auth/firebase","https://www.googleapis.com/auth/cloud-platform"]
[debug] [2025-05-20T12:32:37.447Z] > authorizing via signed-in user (fousseynoudiakhite565@gmail.com)
[info] i  emulators: Starting emulators: functions {"metadata":{"emulator":{"name":"hub"},"message":"Starting emulators: functions"}}
[debug] [2025-05-20T12:32:37.544Z] [logging] Logging Emulator only supports listening on one address (127.0.0.1). Not listening on ::1
[debug] [2025-05-20T12:32:37.544Z] assigned listening specs for emulators {"user":{"hub":[{"address":"127.0.0.1","family":"IPv4","port":4400},{"address":"::1","family":"IPv6","port":4400}],"ui":[{"address":"127.0.0.1","family":"IPv4","port":4000},{"address":"::1","family":"IPv6","port":4000}],"logging":[{"address":"127.0.0.1","family":"IPv4","port":4500}]},"metadata":{"message":"assigned listening specs for emulators"}}
[debug] [2025-05-20T12:32:37.621Z] [hub] writing locator at C:\Users\fouss\AppData\Local\Temp\hub-ganbanaaxu.json
[debug] [2025-05-20T12:32:37.789Z] [functions] Functions Emulator only supports listening on one address (127.0.0.1). Not listening on ::1
[debug] [2025-05-20T12:32:37.789Z] [eventarc] Eventarc Emulator only supports listening on one address (127.0.0.1). Not listening on ::1
[debug] [2025-05-20T12:32:37.789Z] [tasks] Cloud Tasks Emulator only supports listening on one address (127.0.0.1). Not listening on ::1
[debug] [2025-05-20T12:32:37.790Z] late-assigned ports for functions and eventarc emulators {"user":{"hub":[{"address":"127.0.0.1","family":"IPv4","port":4400},{"address":"::1","family":"IPv6","port":4400}],"ui":[{"address":"127.0.0.1","family":"IPv4","port":4000},{"address":"::1","family":"IPv6","port":4000}],"logging":[{"address":"127.0.0.1","family":"IPv4","port":4500}],"functions":[{"address":"127.0.0.1","family":"IPv4","port":5001}],"eventarc":[{"address":"127.0.0.1","family":"IPv4","port":9299}],"tasks":[{"address":"127.0.0.1","family":"IPv4","port":9499}]},"metadata":{"message":"late-assigned ports for functions and eventarc emulators"}}
[warn] !  functions: The following emulators are not running, calls to these services from the Functions emulator will affect production: apphosting, auth, firestore, database, hosting, pubsub, storage, dataconnect {"metadata":{"emulator":{"name":"functions"},"message":"The following emulators are not running, calls to these services from the Functions emulator will affect production: \u001b[1mapphosting, auth, firestore, database, hosting, pubsub, storage, dataconnect\u001b[22m"}}
[debug] [2025-05-20T12:32:40.844Z] defaultcredentials: writing to file C:\Users\fouss\AppData\Roaming\firebase\fousseynoudiakhite565_gmail_com_application_default_credentials.json
[debug] [2025-05-20T12:32:42.122Z] Setting GAC to C:\Users\fouss\AppData\Roaming\firebase\fousseynoudiakhite565_gmail_com_application_default_credentials.json {"metadata":{"emulator":{"name":"functions"},"message":"Setting GAC to C:\\Users\\fouss\\AppData\\Roaming\\firebase\\fousseynoudiakhite565_gmail_com_application_default_credentials.json"}}
[debug] [2025-05-20T12:32:42.124Z] Checked if tokens are valid: false, expires at: 1747696939281
[debug] [2025-05-20T12:32:42.125Z] Checked if tokens are valid: false, expires at: 1747696939281
[debug] [2025-05-20T12:32:42.125Z] > refreshing access token with scopes: []
[debug] [2025-05-20T12:32:42.129Z] >>> [apiv2][query] POST https://www.googleapis.com/oauth2/v3/token [none]
[debug] [2025-05-20T12:32:42.129Z] >>> [apiv2][body] POST https://www.googleapis.com/oauth2/v3/token [omitted]
[debug] [2025-05-20T12:32:42.479Z] <<< [apiv2][status] POST https://www.googleapis.com/oauth2/v3/token 200
[debug] [2025-05-20T12:32:42.480Z] <<< [apiv2][body] POST https://www.googleapis.com/oauth2/v3/token [omitted]
[debug] [2025-05-20T12:32:42.569Z] >>> [apiv2][query] GET https://firebase.googleapis.com/v1beta1/projects/ganbanaaxu/adminSdkConfig [none]
[debug] [2025-05-20T12:32:43.013Z] <<< [apiv2][status] GET https://firebase.googleapis.com/v1beta1/projects/ganbanaaxu/adminSdkConfig 200
[debug] [2025-05-20T12:32:43.014Z] <<< [apiv2][body] GET https://firebase.googleapis.com/v1beta1/projects/ganbanaaxu/adminSdkConfig {"projectId":"ganbanaaxu","storageBucket":"ganbanaaxu.firebasestorage.app"}
[info] i  functions: Watching "C:\Users\fouss\Ganbanaaxu\functions" for Cloud Functions... {"metadata":{"emulator":{"name":"functions"},"message":"Watching \"C:\\Users\\fouss\\Ganbanaaxu\\functions\" for Cloud Functions..."}}
[debug] [2025-05-20T12:32:43.169Z] Validating nodejs source
[debug] [2025-05-20T12:32:53.456Z] checkFunctionsSDKVersion was unable to fetch information from NPM Error: spawnSync C:\WINDOWS\system32\cmd.exe ETIMEDOUT
    at Object.spawnSync (node:internal/child_process:1120:20)
    at Object.spawnSync (node:child_process:868:24)
    at Function.spawnSync [as sync] (C:\Users\fouss\AppData\Roaming\npm\node_modules\firebase-tools\node_modules\cross-spawn\index.js:26:23)
    at Object.getLatestSDKVersion (C:\Users\fouss\AppData\Roaming\npm\node_modules\firebase-tools\lib\deploy\functions\runtimes\node\versioning.js:54:25)
    at Object.checkFunctionsSDKVersion (C:\Users\fouss\AppData\Roaming\npm\node_modules\firebase-tools\lib\deploy\functions\runtimes\node\versioning.js:74:32)
    at Delegate.validate (C:\Users\fouss\AppData\Roaming\npm\node_modules\firebase-tools\lib\deploy\functions\runtimes\node\index.js:86:20)
    at FunctionsEmulator.discoverTriggers (C:\Users\fouss\AppData\Roaming\npm\node_modules\firebase-tools\lib\emulator\functionsEmulator.js:313:35)
    at async FunctionsEmulator.loadTriggers (C:\Users\fouss\AppData\Roaming\npm\node_modules\firebase-tools\lib\emulator\functionsEmulator.js:353:34)
    at async FunctionsEmulator.connect (C:\Users\fouss\AppData\Roaming\npm\node_modules\firebase-tools\lib\emulator\functionsEmulator.js:279:13)
    at async Object.startAll (C:\Users\fouss\AppData\Roaming\npm\node_modules\firebase-tools\lib\emulator\controller.js:672:13)
[debug] [2025-05-20T12:32:53.458Z] > [functions] package.json contents: {
  "name": "functions",
  "scripts": {
    "lint": "eslint --ext .js,.ts .",
    "build": "tsc",
    "build:watch": "tsc --watch",
    "serve": "npm run build && firebase emulators:start --only functions",
    "shell": "npm run build && firebase functions:shell",
    "start": "npm run shell",
    "deploy": "firebase deploy --only functions",
    "logs": "firebase functions:log"
  },
  "engines": {
    "node": "22"
  },
  "main": "lib/index.js",
  "dependencies": {
    "@clerk/clerk-sdk-node": "^5.1.6",
    "@clerk/types": "^4.59.0",
    "dotenv": "^16.5.0",
    "express": "^5.1.0",
    "firebase-admin": "^12.7.0",
    "firebase-functions": "^6.0.1",
    "multer": "^1.4.5-lts.2"
  },
  "devDependencies": {
    "@types/multer": "^1.4.12",
    "@typescript-eslint/eslint-plugin": "^5.12.0",
    "@typescript-eslint/parser": "^5.12.0",
    "eslint": "^8.9.0",
    "eslint-config-google": "^0.14.0",
    "eslint-plugin-import": "^2.25.4",
    "firebase-functions-test": "^3.1.0",
    "typescript": "^4.9.0"
  },
  "private": true
}
[debug] [2025-05-20T12:32:53.527Z] Building nodejs source
[debug] [2025-05-20T12:32:53.530Z] Failed to find version of module node: reached end of search path C:\Users\fouss\Ganbanaaxu\functions\node_modules
[info] +  functions: Using node@22 from host. 
[info] i  functions: Loaded environment variables from .env. 
[debug] [2025-05-20T12:32:53.566Z] Could not find functions.yaml. Must use http discovery
[debug] [2025-05-20T12:32:53.679Z] Found firebase-functions binary at 'C:\Users\fouss\Ganbanaaxu\functions\node_modules\.bin\firebase-functions'
[debug] [2025-05-20T12:33:04.060Z] Failed to call quitquitquit. This often means the server failed to start request to http://localhost:8584/__/quitquitquit failed, reason:  {"message":"request to http://localhost:8584/__/quitquitquit failed, reason: ","type":"system","errno":"ECONNREFUSED","code":"ECONNREFUSED"}
[info] Serving at port 8584

[error] !!  functions: Failed to load function definition from source: FirebaseError: User code failed to load. Cannot determine backend specification. Timeout after 10000. See https://firebase.google.com/docs/functions/tips#avoid_deployment_timeouts_during_initialization' {"metadata":{"emulator":{"name":"functions"},"message":"Failed to load function definition from source: FirebaseError: User code failed to load. Cannot determine backend specification. Timeout after 10000. See https://firebase.google.com/docs/functions/tips#avoid_deployment_timeouts_during_initialization'"}}
[debug] [2025-05-20T12:33:14.825Z] Could not find VSCode notification endpoint: FetchError: request to http://localhost:40001/vscode/notify failed, reason: . If you are not running the Firebase Data Connect VSCode extension, this is expected and not an issue.
[info] 
┌─────────────────────────────────────────────────────────────┐
│ ✔  All emulators ready! It is now safe to connect your app. │
│ i  View Emulator UI at http://127.0.0.1:4000/               │
└─────────────────────────────────────────────────────────────┘

┌───────────┬────────────────┬─────────────────────────────────┐
│ Emulator  │ Host:Port      │ View in Emulator UI             │
├───────────┼────────────────┼─────────────────────────────────┤
│ Functions │ 127.0.0.1:5001 │ http://127.0.0.1:4000/functions │
└───────────┴────────────────┴─────────────────────────────────┘
  Emulator Hub host: 127.0.0.1 port: 4400
  Other reserved ports: 4500

Issues? Report them at https://github.com/firebase/firebase-tools/issues and attach the *-debug.log files.
 
[debug] [2025-05-20T20:50:52.362Z] Received signal SIGHUP 1
[debug] [2025-05-21T11:54:13.341Z] ----------------------------------------------------------------------
[debug] [2025-05-21T11:54:13.588Z] Command:       C:\Program Files\nodejs\node.exe C:\Users\fouss\AppData\Roaming\npm\node_modules\firebase-tools\lib\bin\firebase.js emulators:start
[debug] [2025-05-21T11:54:13.589Z] CLI Version:   14.2.2
[debug] [2025-05-21T11:54:13.589Z] Platform:      win32
[debug] [2025-05-21T11:54:13.590Z] Node Version:  v22.15.0
[debug] [2025-05-21T11:54:13.612Z] Time:          Wed May 21 2025 11:54:13 GMT+0000 (heure moyenne de Greenwich)
[debug] [2025-05-21T11:54:13.613Z] ----------------------------------------------------------------------
[debug] 
[debug] [2025-05-21T11:54:13.618Z] >>> [apiv2][query] GET https://firebase-public.firebaseio.com/cli.json [none]
[debug] [2025-05-21T11:54:16.606Z] > command requires scopes: ["email","openid","https://www.googleapis.com/auth/cloudplatformprojects.readonly","https://www.googleapis.com/auth/firebase","https://www.googleapis.com/auth/cloud-platform"]
[debug] [2025-05-21T11:54:16.607Z] > authorizing via signed-in user (fousseynoudiakhite565@gmail.com)
[info] i  emulators: Starting emulators: functions, extensions {"metadata":{"emulator":{"name":"hub"},"message":"Starting emulators: functions, extensions"}}
[debug] [2025-05-21T11:54:16.617Z] Checked if tokens are valid: false, expires at: 1747747961480
[debug] [2025-05-21T11:54:16.618Z] Checked if tokens are valid: false, expires at: 1747747961480
[debug] [2025-05-21T11:54:16.618Z] > refreshing access token with scopes: []
[debug] [2025-05-21T11:54:16.621Z] >>> [apiv2][query] POST https://www.googleapis.com/oauth2/v3/token [none]
[debug] [2025-05-21T11:54:16.621Z] >>> [apiv2][body] POST https://www.googleapis.com/oauth2/v3/token [omitted]
[debug] [2025-05-21T11:54:17.761Z] <<< [apiv2][status] GET https://firebase-public.firebaseio.com/cli.json 200
[debug] [2025-05-21T11:54:17.762Z] <<< [apiv2][body] GET https://firebase-public.firebaseio.com/cli.json {"cloudBuildErrorAfter":1594252800000,"cloudBuildWarnAfter":1590019200000,"defaultNode10After":1594252800000,"minVersion":"3.0.5","node8DeploysDisabledAfter":1613390400000,"node8RuntimeDisabledAfter":1615809600000,"node8WarnAfter":1600128000000}
[debug] [2025-05-21T11:54:19.425Z] <<< [apiv2][status] POST https://www.googleapis.com/oauth2/v3/token 200
[debug] [2025-05-21T11:54:19.426Z] <<< [apiv2][body] POST https://www.googleapis.com/oauth2/v3/token [omitted]
[debug] [2025-05-21T11:54:20.604Z] >>> [apiv2][query] GET https://cloudresourcemanager.googleapis.com/v1/projects/ganbanaaxu [none]
[debug] [2025-05-21T11:54:21.831Z] <<< [apiv2][status] GET https://cloudresourcemanager.googleapis.com/v1/projects/ganbanaaxu 200
[debug] [2025-05-21T11:54:21.831Z] <<< [apiv2][body] GET https://cloudresourcemanager.googleapis.com/v1/projects/ganbanaaxu {"projectNumber":"292088015557","projectId":"ganbanaaxu","lifecycleState":"ACTIVE","name":"ganbanaaxu","labels":{"firebase":"enabled","firebase-core":"disabled"},"createTime":"2025-05-06T10:06:58.046771Z"}
[debug] [2025-05-21T11:54:21.895Z] [logging] Logging Emulator only supports listening on one address (127.0.0.1). Not listening on ::1
[debug] [2025-05-21T11:54:21.895Z] assigned listening specs for emulators {"user":{"hub":[{"address":"127.0.0.1","family":"IPv4","port":4400},{"address":"::1","family":"IPv6","port":4400}],"ui":[{"address":"127.0.0.1","family":"IPv4","port":4000},{"address":"::1","family":"IPv6","port":4000}],"logging":[{"address":"127.0.0.1","family":"IPv4","port":4500}]},"metadata":{"message":"assigned listening specs for emulators"}}
[warn] !  emulators: It seems that you are running multiple instances of the emulator suite for project ganbanaaxu. This may result in unexpected behavior. 
[debug] [2025-05-21T11:54:21.955Z] [hub] writing locator at C:\Users\fouss\AppData\Local\Temp\hub-ganbanaaxu.json
[debug] [2025-05-21T11:54:21.979Z] [Extensions] Started Extensions emulator, this is a noop.
[debug] [2025-05-21T11:54:21.999Z] [functions] Functions Emulator only supports listening on one address (127.0.0.1). Not listening on ::1
[debug] [2025-05-21T11:54:22.000Z] [eventarc] Eventarc Emulator only supports listening on one address (127.0.0.1). Not listening on ::1
[debug] [2025-05-21T11:54:22.000Z] [tasks] Cloud Tasks Emulator only supports listening on one address (127.0.0.1). Not listening on ::1
[debug] [2025-05-21T11:54:22.000Z] late-assigned ports for functions and eventarc emulators {"user":{"hub":[{"address":"127.0.0.1","family":"IPv4","port":4400},{"address":"::1","family":"IPv6","port":4400}],"ui":[{"address":"127.0.0.1","family":"IPv4","port":4000},{"address":"::1","family":"IPv6","port":4000}],"logging":[{"address":"127.0.0.1","family":"IPv4","port":4500}],"functions":[{"address":"127.0.0.1","family":"IPv4","port":5001}],"eventarc":[{"address":"127.0.0.1","family":"IPv4","port":9299}],"tasks":[{"address":"127.0.0.1","family":"IPv4","port":9499}]},"metadata":{"message":"late-assigned ports for functions and eventarc emulators"}}
[warn] !  functions: The following emulators are not running, calls to these services from the Functions emulator will affect production: apphosting, auth, firestore, database, hosting, pubsub, storage, dataconnect {"metadata":{"emulator":{"name":"functions"},"message":"The following emulators are not running, calls to these services from the Functions emulator will affect production: \u001b[1mapphosting, auth, firestore, database, hosting, pubsub, storage, dataconnect\u001b[22m"}}
[debug] [2025-05-21T11:54:25.390Z] defaultcredentials: writing to file C:\Users\fouss\AppData\Roaming\firebase\fousseynoudiakhite565_gmail_com_application_default_credentials.json
[debug] [2025-05-21T11:54:25.454Z] Setting GAC to C:\Users\fouss\AppData\Roaming\firebase\fousseynoudiakhite565_gmail_com_application_default_credentials.json {"metadata":{"emulator":{"name":"functions"},"message":"Setting GAC to C:\\Users\\fouss\\AppData\\Roaming\\firebase\\fousseynoudiakhite565_gmail_com_application_default_credentials.json"}}
[debug] [2025-05-21T11:54:25.457Z] Checked if tokens are valid: true, expires at: 1747832058426
[debug] [2025-05-21T11:54:25.457Z] Checked if tokens are valid: true, expires at: 1747832058426
[debug] [2025-05-21T11:54:25.458Z] >>> [apiv2][query] GET https://firebase.googleapis.com/v1beta1/projects/ganbanaaxu/adminSdkConfig [none]
[debug] [2025-05-21T11:54:26.146Z] <<< [apiv2][status] GET https://firebase.googleapis.com/v1beta1/projects/ganbanaaxu/adminSdkConfig 200
[debug] [2025-05-21T11:54:26.146Z] <<< [apiv2][body] GET https://firebase.googleapis.com/v1beta1/projects/ganbanaaxu/adminSdkConfig {"projectId":"ganbanaaxu","storageBucket":"ganbanaaxu.firebasestorage.app"}
[debug] [2025-05-21T11:54:26.310Z] [Extensions] Connecting Extensions emulator, this is a noop.
[info] i  functions: Watching "C:\Users\fouss\Ganbanaaxu\functions" for Cloud Functions... {"metadata":{"emulator":{"name":"functions"},"message":"Watching \"C:\\Users\\fouss\\Ganbanaaxu\\functions\" for Cloud Functions..."}}
[debug] [2025-05-21T11:54:26.607Z] Validating nodejs source
[debug] [2025-05-21T11:54:37.345Z] checkFunctionsSDKVersion was unable to fetch information from NPM Error: spawnSync C:\WINDOWS\system32\cmd.exe ETIMEDOUT
    at Object.spawnSync (node:internal/child_process:1120:20)
    at Object.spawnSync (node:child_process:868:24)
    at Function.spawnSync [as sync] (C:\Users\fouss\AppData\Roaming\npm\node_modules\firebase-tools\node_modules\cross-spawn\index.js:26:23)
    at Object.getLatestSDKVersion (C:\Users\fouss\AppData\Roaming\npm\node_modules\firebase-tools\lib\deploy\functions\runtimes\node\versioning.js:54:25)
    at Object.checkFunctionsSDKVersion (C:\Users\fouss\AppData\Roaming\npm\node_modules\firebase-tools\lib\deploy\functions\runtimes\node\versioning.js:74:32)
    at Delegate.validate (C:\Users\fouss\AppData\Roaming\npm\node_modules\firebase-tools\lib\deploy\functions\runtimes\node\index.js:86:20)
    at FunctionsEmulator.discoverTriggers (C:\Users\fouss\AppData\Roaming\npm\node_modules\firebase-tools\lib\emulator\functionsEmulator.js:313:35)
    at async FunctionsEmulator.loadTriggers (C:\Users\fouss\AppData\Roaming\npm\node_modules\firebase-tools\lib\emulator\functionsEmulator.js:353:34)
    at async FunctionsEmulator.connect (C:\Users\fouss\AppData\Roaming\npm\node_modules\firebase-tools\lib\emulator\functionsEmulator.js:279:13)
    at async Object.startAll (C:\Users\fouss\AppData\Roaming\npm\node_modules\firebase-tools\lib\emulator\controller.js:672:13)
[debug] [2025-05-21T11:54:37.347Z] > [functions] package.json contents: {
  "name": "functions",
  "scripts": {
    "lint": "eslint --ext .js,.ts .",
    "build": "tsc",
    "build:watch": "tsc --watch",
    "serve": "npm run build && firebase emulators:start --only functions",
    "shell": "npm run build && firebase functions:shell",
    "start": "npm run shell",
    "deploy": "firebase deploy --only functions",
    "logs": "firebase functions:log"
  },
  "engines": {
    "node": "22"
  },
  "main": "lib/index.js",
  "dependencies": {
    "@clerk/clerk-sdk-node": "^5.1.6",
    "@clerk/types": "^4.59.0",
    "dotenv": "^16.5.0",
    "express": "^5.1.0",
    "firebase-admin": "^12.7.0",
    "firebase-functions": "^6.0.1",
    "multer": "^1.4.5-lts.2"
  },
  "devDependencies": {
    "@types/multer": "^1.4.12",
    "@typescript-eslint/eslint-plugin": "^5.12.0",
    "@typescript-eslint/parser": "^5.12.0",
    "eslint": "^8.9.0",
    "eslint-config-google": "^0.14.0",
    "eslint-plugin-import": "^2.25.4",
    "firebase-functions-test": "^3.1.0",
    "typescript": "^4.9.0"
  },
  "private": true
}
[debug] [2025-05-21T11:54:37.396Z] Building nodejs source
[debug] [2025-05-21T11:54:37.398Z] Failed to find version of module node: reached end of search path C:\Users\fouss\Ganbanaaxu\functions\node_modules
[info] +  functions: Using node@22 from host. 
[info] i  functions: Loaded environment variables from .env. 
[debug] [2025-05-21T11:54:37.425Z] Could not find functions.yaml. Must use http discovery
[debug] [2025-05-21T11:54:37.567Z] Found firebase-functions binary at 'C:\Users\fouss\Ganbanaaxu\functions\node_modules\.bin\firebase-functions'
[debug] [2025-05-21T11:54:47.726Z] Failed to call quitquitquit. This often means the server failed to start request to http://localhost:8834/__/quitquitquit failed, reason:  {"message":"request to http://localhost:8834/__/quitquitquit failed, reason: ","type":"system","errno":"ECONNREFUSED","code":"ECONNREFUSED"}
[info] Serving at port 8834

[error] !!  functions: Failed to load function definition from source: FirebaseError: User code failed to load. Cannot determine backend specification. Timeout after 10000. See https://firebase.google.com/docs/functions/tips#avoid_deployment_timeouts_during_initialization' {"metadata":{"emulator":{"name":"functions"},"message":"Failed to load function definition from source: FirebaseError: User code failed to load. Cannot determine backend specification. Timeout after 10000. See https://firebase.google.com/docs/functions/tips#avoid_deployment_timeouts_during_initialization'"}}
[debug] [2025-05-21T11:54:57.805Z] Could not find VSCode notification endpoint: FetchError: request to http://localhost:40001/vscode/notify failed, reason: . If you are not running the Firebase Data Connect VSCode extension, this is expected and not an issue.
[info] 
┌─────────────────────────────────────────────────────────────┐
│ ✔  All emulators ready! It is now safe to connect your app. │
│ i  View Emulator UI at http://127.0.0.1:4000/               │
└─────────────────────────────────────────────────────────────┘

┌────────────┬────────────────┬──────────────────────────────────┐
│ Emulator   │ Host:Port      │ View in Emulator UI              │
├────────────┼────────────────┼──────────────────────────────────┤
│ Functions  │ 127.0.0.1:5001 │ http://127.0.0.1:4000/functions  │
├────────────┼────────────────┼──────────────────────────────────┤
│ Extensions │ 127.0.0.1:5001 │ http://127.0.0.1:4000/extensions │
└────────────┴────────────────┴──────────────────────────────────┘
  Emulator Hub host: 127.0.0.1 port: 4400
  Other reserved ports: 4500
┌─────────────────────────┬───────────────┬─────────────────────┐
│ Extension Instance Name │ Extension Ref │ View in Emulator UI │
└─────────────────────────┴───────────────┴─────────────────────┘
Issues? Report them at https://github.com/firebase/firebase-tools/issues and attach the *-debug.log files.
 
